 --- modulename: hw3_439, funcname: <module>
hw3_439.py(1): def main():
hw3_439.py(18): main()
 --- modulename: hw3_439, funcname: main
hw3_439.py(2):     tempType = input("Please enter 'C' for Celsius, or 'K' for Kelvin: ")
Please enter 'C' for Celsius, or 'K' for Kelvin:  --- modulename: codecs, funcname: getstate
codecs.py(332):         return (self.buffer, 0)
 --- modulename: codecs, funcname: decode
codecs.py(320):         data = self.buffer + input
codecs.py(321):         (result, consumed) = self._buffer_decode(data, self.errors, final)
codecs.py(323):         self.buffer = data[consumed:]
codecs.py(324):         return result
hw3_439.py(3):     tempNum  = float(input("Pease enter temperature: "))
Pease enter temperature:  --- modulename: codecs, funcname: getstate
codecs.py(332):         return (self.buffer, 0)
 --- modulename: codecs, funcname: decode
codecs.py(320):         data = self.buffer + input
codecs.py(321):         (result, consumed) = self._buffer_decode(data, self.errors, final)
codecs.py(323):         self.buffer = data[consumed:]
codecs.py(324):         return result
 --- modulename: trace, funcname: _unsettrace
trace.py(77):         sys.settrace(None)
