 --- modulename: hw3_229, funcname: <module>
hw3_229.py(1): def questionThree():                                                                                                                                                           
hw3_229.py(17): questionThree()
 --- modulename: hw3_229, funcname: questionThree
hw3_229.py(2):     KEVLIN_AT_ZERO_CELCIUS = 273.15;                                                                                                                                           
hw3_229.py(3):     WATER_BOILING_POINT = 100;                                                                                                                                                 
hw3_229.py(4):     WATER_FREEZING_POINT = 0;                                                                                                                                                  
hw3_229.py(5):     temp = input("Please enter in a temperature(include the letter): \n")                                                                                                      
Please enter in a temperature(include the letter): 
 --- modulename: codecs, funcname: getstate
codecs.py(332):         return (self.buffer, 0)
 --- modulename: codecs, funcname: decode
codecs.py(320):         data = self.buffer + input
codecs.py(321):         (result, consumed) = self._buffer_decode(data, self.errors, final)
codecs.py(323):         self.buffer = data[consumed:]
codecs.py(324):         return result
hw3_229.py(6):     temp = temp.strip()                                                                                                                                                        
hw3_229.py(7):     temperatureValue = float(temp[0:len(temp) - 1])                                                                                                                            
hw3_229.py(8):     if temp.lower()[len(temp) - 1] == "k":                                                                                                                                     
hw3_229.py(10):     if temperatureValue <= WATER_FREEZING_POINT:                                                                                                                               
hw3_229.py(12):     elif temperatureValue > WATER_FREEZING_POINT:                                                                                                                              
hw3_229.py(13):         if temperatureValue < WATER_BOILING_POINT:                                                                                                                             
hw3_229.py(14):             print("Water is a liquid at ", temperatureValue, " C")                                                                                                             
Water is a liquid at  40.0  C
 --- modulename: trace, funcname: _unsettrace
trace.py(77):         sys.settrace(None)
