 --- modulename: hw3_227, funcname: <module>
hw3_227.py(1): def main():
hw3_227.py(18): main()
 --- modulename: hw3_227, funcname: main
hw3_227.py(2):     tempWater = float(input("Please enter the temperature:"))
Please enter the temperature: --- modulename: codecs, funcname: getstate
codecs.py(332):         return (self.buffer, 0)
 --- modulename: codecs, funcname: decode
codecs.py(320):         data = self.buffer + input
codecs.py(321):         (result, consumed) = self._buffer_decode(data, self.errors, final)
codecs.py(323):         self.buffer = data[consumed:]
codecs.py(324):         return result
hw3_227.py(3):     tempScale = input("Please enter 'C' for Celcius or 'K' for Kelvin:")
Please enter 'C' for Celcius or 'K' for Kelvin: --- modulename: codecs, funcname: getstate
codecs.py(332):         return (self.buffer, 0)
 --- modulename: codecs, funcname: decode
codecs.py(320):         data = self.buffer + input
codecs.py(321):         (result, consumed) = self._buffer_decode(data, self.errors, final)
codecs.py(323):         self.buffer = data[consumed:]
codecs.py(324):         return result
hw3_227.py(4):     if tempScale == "C":
hw3_227.py(11):     if tempScale == "K":
hw3_227.py(12):         if tempWater <= 273:
hw3_227.py(14):         if tempWater > 273 and tempWater < 373:
hw3_227.py(16):         if tempWater >= 373:
hw3_227.py(17):             print("At this temperature, water is a gas")
At this temperature, water is a gas
 --- modulename: trace, funcname: _unsettrace
trace.py(77):         sys.settrace(None)
