 --- modulename: hw3_313, funcname: <module>
hw3_313.py(1): def main():
hw3_313.py(18): main()
 --- modulename: hw3_313, funcname: main
hw3_313.py(2):     temp = int(input("Please enter in the temperature: "))
Please enter in the temperature:  --- modulename: codecs, funcname: getstate
codecs.py(332):         return (self.buffer, 0)
 --- modulename: codecs, funcname: decode
codecs.py(320):         data = self.buffer + input
codecs.py(321):         (result, consumed) = self._buffer_decode(data, self.errors, final)
codecs.py(323):         self.buffer = data[consumed:]
codecs.py(324):         return result
hw3_313.py(3):     scale = input("Please enter what the temperature is measured in (use K or C): ")
Please enter what the temperature is measured in (use K or C):  --- modulename: codecs, funcname: getstate
codecs.py(332):         return (self.buffer, 0)
 --- modulename: codecs, funcname: decode
codecs.py(320):         data = self.buffer + input
codecs.py(321):         (result, consumed) = self._buffer_decode(data, self.errors, final)
codecs.py(323):         self.buffer = data[consumed:]
codecs.py(324):         return result
hw3_313.py(4):     if scale == "K":
hw3_313.py(5):         if temp >= 373:
hw3_313.py(6):             print("At this temperature, water is a gas") 
At this temperature, water is a gas
 --- modulename: trace, funcname: _unsettrace
trace.py(77):         sys.settrace(None)
