 --- modulename: hw3_457, funcname: <module>
hw3_457.py(1): temp=input("Please enter the temperature: ")
Please enter the temperature:  --- modulename: codecs, funcname: getstate
codecs.py(332):         return (self.buffer, 0)
 --- modulename: codecs, funcname: decode
codecs.py(320):         data = self.buffer + input
codecs.py(321):         (result, consumed) = self._buffer_decode(data, self.errors, final)
codecs.py(323):         self.buffer = data[consumed:]
codecs.py(324):         return result
hw3_457.py(2): unit=input("Please enter 'C' for Celsius, or 'K' for Kelvin: ")
Please enter 'C' for Celsius, or 'K' for Kelvin:  --- modulename: codecs, funcname: getstate
codecs.py(332):         return (self.buffer, 0)
 --- modulename: codecs, funcname: decode
codecs.py(320):         data = self.buffer + input
codecs.py(321):         (result, consumed) = self._buffer_decode(data, self.errors, final)
codecs.py(323):         self.buffer = data[consumed:]
codecs.py(324):         return result
hw3_457.py(3): if unit=="C":
hw3_457.py(4):                if unit<"0":
hw3_457.py(10): if unit=="K":
 --- modulename: trace, funcname: _unsettrace
trace.py(77):         sys.settrace(None)
