 --- modulename: hw3_309, funcname: <module>
hw3_309.py(1): def main():
hw3_309.py(18): main()
 --- modulename: hw3_309, funcname: main
hw3_309.py(2):     temperature = int(input("Please enter the temperature: "))
Please enter the temperature:  --- modulename: codecs, funcname: getstate
codecs.py(332):         return (self.buffer, 0)
 --- modulename: codecs, funcname: decode
codecs.py(320):         data = self.buffer + input
codecs.py(321):         (result, consumed) = self._buffer_decode(data, self.errors, final)
codecs.py(323):         self.buffer = data[consumed:]
codecs.py(324):         return result
hw3_309.py(3):     tempScale = input("Please enter 'C' for Celsius, or 'K' for Kelvin: ")
Please enter 'C' for Celsius, or 'K' for Kelvin:  --- modulename: codecs, funcname: getstate
codecs.py(332):         return (self.buffer, 0)
 --- modulename: codecs, funcname: decode
codecs.py(320):         data = self.buffer + input
codecs.py(321):         (result, consumed) = self._buffer_decode(data, self.errors, final)
codecs.py(323):         self.buffer = data[consumed:]
codecs.py(324):         return result
hw3_309.py(4):     if (tempScale == "C"):
hw3_309.py(11):     if (tempScale == "K"):
hw3_309.py(12):         if (temperature >= 373):
hw3_309.py(13):             print("At this temperature, water is a gas")
At this temperature, water is a gas
hw3_309.py(14):         if (temperature < 373 and temperature > 273):
hw3_309.py(16):         if (temperature <= 273):
 --- modulename: trace, funcname: _unsettrace
trace.py(77):         sys.settrace(None)
