 --- modulename: hw3_141, funcname: <module>
hw3_141.py(1): def main():
hw3_141.py(18): main()
 --- modulename: hw3_141, funcname: main
hw3_141.py(2):     temperature = float(input("What is the termperature?: "))
What is the termperature?:  --- modulename: codecs, funcname: getstate
codecs.py(332):         return (self.buffer, 0)
 --- modulename: codecs, funcname: decode
codecs.py(320):         data = self.buffer + input
codecs.py(321):         (result, consumed) = self._buffer_decode(data, self.errors, final)
codecs.py(323):         self.buffer = data[consumed:]
codecs.py(324):         return result
hw3_141.py(3):     scale = input("Enter 'C' for Celsius and 'K' for Kelvin: ")
Enter 'C' for Celsius and 'K' for Kelvin:  --- modulename: codecs, funcname: getstate
codecs.py(332):         return (self.buffer, 0)
 --- modulename: codecs, funcname: decode
codecs.py(320):         data = self.buffer + input
codecs.py(321):         (result, consumed) = self._buffer_decode(data, self.errors, final)
codecs.py(323):         self.buffer = data[consumed:]
codecs.py(324):         return result
hw3_141.py(4):     if scale == "C":
hw3_141.py(12):         if temperature <= 273.16:
hw3_141.py(14):         elif temperature > 273.160 and temperature < 373.16:
hw3_141.py(17):             print (" At this temperature, water is a gas")
 At this temperature, water is a gas
 --- modulename: trace, funcname: _unsettrace
trace.py(77):         sys.settrace(None)
