 --- modulename: hw3_243, funcname: <module>
hw3_243.py(1): def main():
hw3_243.py(18): main()
 --- modulename: hw3_243, funcname: main
hw3_243.py(2):    temp =float(input("please enter a temperature "))
please enter a temperature  --- modulename: codecs, funcname: getstate
codecs.py(332):         return (self.buffer, 0)
 --- modulename: codecs, funcname: decode
codecs.py(320):         data = self.buffer + input
codecs.py(321):         (result, consumed) = self._buffer_decode(data, self.errors, final)
codecs.py(323):         self.buffer = data[consumed:]
codecs.py(324):         return result
hw3_243.py(3):    unit = input("please enter 'C' for celsius or 'K' for kelvin ")
please enter 'C' for celsius or 'K' for kelvin  --- modulename: codecs, funcname: getstate
codecs.py(332):         return (self.buffer, 0)
 --- modulename: codecs, funcname: decode
codecs.py(320):         data = self.buffer + input
codecs.py(321):         (result, consumed) = self._buffer_decode(data, self.errors, final)
codecs.py(323):         self.buffer = data[consumed:]
codecs.py(324):         return result
hw3_243.py(4):    if unit=="C":
hw3_243.py(11):    elif unit=="K":
hw3_243.py(12):       if temp <273.16:
hw3_243.py(14):       elif temp >373.16:
hw3_243.py(15):           print("At this temperature, water is a gas")
At this temperature, water is a gas
 --- modulename: trace, funcname: _unsettrace
trace.py(77):         sys.settrace(None)
