 --- modulename: hw3_212, funcname: <module>
hw3_212.py(1): def main():
hw3_212.py(18): main()
 --- modulename: hw3_212, funcname: main
hw3_212.py(2):     temp = float(input("Please enter the temperature: "))
Please enter the temperature:  --- modulename: codecs, funcname: getstate
codecs.py(332):         return (self.buffer, 0)
 --- modulename: codecs, funcname: decode
codecs.py(320):         data = self.buffer + input
codecs.py(321):         (result, consumed) = self._buffer_decode(data, self.errors, final)
codecs.py(323):         self.buffer = data[consumed:]
codecs.py(324):         return result
hw3_212.py(3):     scale = input("Please enter 'C' for Celsius, or 'K' for Kelving: ")
Please enter 'C' for Celsius, or 'K' for Kelving:  --- modulename: codecs, funcname: getstate
codecs.py(332):         return (self.buffer, 0)
 --- modulename: codecs, funcname: decode
codecs.py(320):         data = self.buffer + input
codecs.py(321):         (result, consumed) = self._buffer_decode(data, self.errors, final)
codecs.py(323):         self.buffer = data[consumed:]
codecs.py(324):         return result
hw3_212.py(4):     if scale == "C":
hw3_212.py(12):         if temp < 273.15:
hw3_212.py(14):         elif temp > 373.15:
hw3_212.py(15):                      print("At this temperature, water is a gas.")
At this temperature, water is a gas.
 --- modulename: trace, funcname: _unsettrace
trace.py(77):         sys.settrace(None)
