 --- modulename: hw3_325, funcname: <module>
hw3_325.py(1): def main():
hw3_325.py(19): main() 
 --- modulename: hw3_325, funcname: main
hw3_325.py(2):     temp = float(input("Please enter the temperature: ")) 
Please enter the temperature:  --- modulename: codecs, funcname: getstate
codecs.py(332):         return (self.buffer, 0)
 --- modulename: codecs, funcname: decode
codecs.py(320):         data = self.buffer + input
codecs.py(321):         (result, consumed) = self._buffer_decode(data, self.errors, final)
codecs.py(323):         self.buffer = data[consumed:]
codecs.py(324):         return result
hw3_325.py(3):     units = input("Please enter 'C' for Celcius or 'K' for Kelvin : ")
Please enter 'C' for Celcius or 'K' for Kelvin :  --- modulename: codecs, funcname: getstate
codecs.py(332):         return (self.buffer, 0)
 --- modulename: codecs, funcname: decode
codecs.py(320):         data = self.buffer + input
codecs.py(321):         (result, consumed) = self._buffer_decode(data, self.errors, final)
codecs.py(323):         self.buffer = data[consumed:]
codecs.py(324):         return result
hw3_325.py(4):     if units == "C":
hw3_325.py(12):         if temp <= 273.2:
hw3_325.py(14):         elif temp < 373.2:
hw3_325.py(17):             state = "gas"
hw3_325.py(18):     print("At this temperature, water is a "+state+".")
At this temperature, water is a gas.
 --- modulename: trace, funcname: _unsettrace
trace.py(77):         sys.settrace(None)
