 --- modulename: hw3_39, funcname: <module>
hw3_39.py(1): def main():
hw3_39.py(16): main()
 --- modulename: hw3_39, funcname: main
hw3_39.py(2):     temperature = int(input("Please enter the temperature: "))
Please enter the temperature:  --- modulename: codecs, funcname: getstate
codecs.py(332):         return (self.buffer, 0)
 --- modulename: codecs, funcname: decode
codecs.py(320):         data = self.buffer + input
codecs.py(321):         (result, consumed) = self._buffer_decode(data, self.errors, final)
codecs.py(323):         self.buffer = data[consumed:]
codecs.py(324):         return result
hw3_39.py(3):     unit = str(input("Please enter 'C' for Celsius, or 'K' for Kelvin: "))
Please enter 'C' for Celsius, or 'K' for Kelvin:  --- modulename: codecs, funcname: getstate
codecs.py(332):         return (self.buffer, 0)
 --- modulename: codecs, funcname: decode
codecs.py(320):         data = self.buffer + input
codecs.py(321):         (result, consumed) = self._buffer_decode(data, self.errors, final)
codecs.py(323):         self.buffer = data[consumed:]
codecs.py(324):         return result
hw3_39.py(4):     if unit == "C" and temperature >= 100:
hw3_39.py(6):     elif unit == "C" and temperature <= 0:
hw3_39.py(8):     elif unit == "C" and temperature > 0 and temperature < 100:
hw3_39.py(10):     elif unit == "K" and temperature >= 373:
hw3_39.py(11):         print("At this temperature, water is a gas.")
At this temperature, water is a gas.
 --- modulename: trace, funcname: _unsettrace
trace.py(77):         sys.settrace(None)
