 --- modulename: hw3_105, funcname: <module>
hw3_105.py(1): def main():
hw3_105.py(15): main()
 --- modulename: hw3_105, funcname: main
hw3_105.py(2):     temp = float(input("Please enter the temperature: "))
Please enter the temperature:  --- modulename: codecs, funcname: getstate
codecs.py(332):         return (self.buffer, 0)
 --- modulename: codecs, funcname: decode
codecs.py(320):         data = self.buffer + input
codecs.py(321):         (result, consumed) = self._buffer_decode(data, self.errors, final)
codecs.py(323):         self.buffer = data[consumed:]
codecs.py(324):         return result
hw3_105.py(3):     scale = input("Please enter 'C' for Celsius, or 'K' for Kelvin: ").upper()
Please enter 'C' for Celsius, or 'K' for Kelvin:  --- modulename: codecs, funcname: getstate
codecs.py(332):         return (self.buffer, 0)
 --- modulename: codecs, funcname: decode
codecs.py(320):         data = self.buffer + input
codecs.py(321):         (result, consumed) = self._buffer_decode(data, self.errors, final)
codecs.py(323):         self.buffer = data[consumed:]
codecs.py(324):         return result
hw3_105.py(4):     C_TO_K = 273.15
hw3_105.py(5):     if scale == "K":
hw3_105.py(6):         ctemp = temp - C_TO_K
hw3_105.py(9):     if ctemp <= 0:
hw3_105.py(11):     elif ctemp <100:
hw3_105.py(14):         print ("At this temperature, water is a gas.")
At this temperature, water is a gas.
 --- modulename: trace, funcname: _unsettrace
trace.py(77):         sys.settrace(None)
