 --- modulename: hw3_378, funcname: <module>
hw3_378.py(1): def main():
hw3_378.py(20): main()
 --- modulename: hw3_378, funcname: main
hw3_378.py(2):     userTemp = float(input("Please enter the temperature:"))
Please enter the temperature: --- modulename: codecs, funcname: getstate
codecs.py(332):         return (self.buffer, 0)
 --- modulename: codecs, funcname: decode
codecs.py(320):         data = self.buffer + input
codecs.py(321):         (result, consumed) = self._buffer_decode(data, self.errors, final)
codecs.py(323):         self.buffer = data[consumed:]
codecs.py(324):         return result
hw3_378.py(3):     unitsOfTemp = input("Please enter 'C' for Celsius or 'K' for Kelvin:")
Please enter 'C' for Celsius or 'K' for Kelvin: --- modulename: codecs, funcname: getstate
codecs.py(332):         return (self.buffer, 0)
 --- modulename: codecs, funcname: decode
codecs.py(320):         data = self.buffer + input
codecs.py(321):         (result, consumed) = self._buffer_decode(data, self.errors, final)
codecs.py(323):         self.buffer = data[consumed:]
codecs.py(324):         return result
hw3_378.py(4):     if unitsOfTemp == "C":
hw3_378.py(12):     elif unitsOfTemp == "K":
hw3_378.py(13):         print("The temperature is" , userTemp,"K")
The temperature is 400.0 K
hw3_378.py(14):         if userTemp == float(273.15):
hw3_378.py(16):         if userTemp == float(373.15):
hw3_378.py(18):         if float(273.15)<userTemp < float(373.15):
 --- modulename: trace, funcname: _unsettrace
trace.py(77):         sys.settrace(None)
