 --- modulename: hw3_234, funcname: <module>
hw3_234.py(1): def main():
hw3_234.py(13): main()
 --- modulename: hw3_234, funcname: main
hw3_234.py(2):     KELVIN_CONSTANT = float(273.15)
hw3_234.py(3):     scale = input("Input a temperature scale ('c' for celsius, 'k' for kelvin) ")
Input a temperature scale ('c' for celsius, 'k' for kelvin)  --- modulename: codecs, funcname: getstate
codecs.py(332):         return (self.buffer, 0)
 --- modulename: codecs, funcname: decode
codecs.py(320):         data = self.buffer + input
codecs.py(321):         (result, consumed) = self._buffer_decode(data, self.errors, final)
codecs.py(323):         self.buffer = data[consumed:]
codecs.py(324):         return result
hw3_234.py(4):     temp = float(input("What temperature are you interested in? "))
What temperature are you interested in?  --- modulename: codecs, funcname: getstate
codecs.py(332):         return (self.buffer, 0)
 --- modulename: codecs, funcname: decode
codecs.py(320):         data = self.buffer + input
codecs.py(321):         (result, consumed) = self._buffer_decode(data, self.errors, final)
codecs.py(323):         self.buffer = data[consumed:]
codecs.py(324):         return result
 --- modulename: trace, funcname: _unsettrace
trace.py(77):         sys.settrace(None)
