 --- modulename: hw3_332, funcname: <module>
hw3_332.py(1): def main():
hw3_332.py(18): main()
 --- modulename: hw3_332, funcname: main
hw3_332.py(2):     temp = float(input("Please enter the temperature: "))
Please enter the temperature:  --- modulename: codecs, funcname: getstate
codecs.py(332):         return (self.buffer, 0)
 --- modulename: codecs, funcname: decode
codecs.py(320):         data = self.buffer + input
codecs.py(321):         (result, consumed) = self._buffer_decode(data, self.errors, final)
codecs.py(323):         self.buffer = data[consumed:]
codecs.py(324):         return result
hw3_332.py(3):     COrK = input("Please enter 'C' for Celsius, or 'K' for Kelvin: ")
Please enter 'C' for Celsius, or 'K' for Kelvin:  --- modulename: codecs, funcname: getstate
codecs.py(332):         return (self.buffer, 0)
 --- modulename: codecs, funcname: decode
codecs.py(320):         data = self.buffer + input
codecs.py(321):         (result, consumed) = self._buffer_decode(data, self.errors, final)
codecs.py(323):         self.buffer = data[consumed:]
codecs.py(324):         return result
hw3_332.py(4):     if COrK == "C":
hw3_332.py(11):     if COrK == "K":
hw3_332.py(12):         if temp > 373:
hw3_332.py(13):             print("At this temperature, water is a gas.")
At this temperature, water is a gas.
 --- modulename: trace, funcname: _unsettrace
trace.py(77):         sys.settrace(None)
