 --- modulename: hw5_373, funcname: <module>
hw5_373.py(1): def main():
hw5_373.py(11): main()
 --- modulename: hw5_373, funcname: main
hw5_373.py(2):     width = int(input("Please enter the width of the box: "))
Please enter the width of the box:  --- modulename: codecs, funcname: getstate
codecs.py(332):         return (self.buffer, 0)
 --- modulename: codecs, funcname: decode
codecs.py(320):         data = self.buffer + input
codecs.py(321):         (result, consumed) = self._buffer_decode(data, self.errors, final)
codecs.py(323):         self.buffer = data[consumed:]
codecs.py(324):         return result
hw5_373.py(3):     height = int(input("Please enter the height of the box: "))
Please enter the height of the box: hw5_373.py(4):     outSymbol = input("Please enter a symbol for the box outline: ")
Please enter a symbol for the box outline: hw5_373.py(5):     inSymbol = input("Please enter a symbol for the box fill: ")
Please enter a symbol for the box fill:  --- modulename: codecs, funcname: getstate
codecs.py(332):         return (self.buffer, 0)
 --- modulename: codecs, funcname: decode
codecs.py(320):         data = self.buffer + input
codecs.py(321):         (result, consumed) = self._buffer_decode(data, self.errors, final)
codecs.py(323):         self.buffer = data[consumed:]
codecs.py(324):         return result
hw5_373.py(6):     print(width*outSymbol)
$$$$$
hw5_373.py(7):     for i in range(0, height-2):
hw5_373.py(8):         print (outSymbol + ((width-2)*inSymbol) + outSymbol)
$###$
hw5_373.py(7):     for i in range(0, height-2):
hw5_373.py(8):         print (outSymbol + ((width-2)*inSymbol) + outSymbol)
$###$
hw5_373.py(7):     for i in range(0, height-2):
hw5_373.py(8):         print (outSymbol + ((width-2)*inSymbol) + outSymbol)
$###$
hw5_373.py(7):     for i in range(0, height-2):
hw5_373.py(9):     for i in range(1, height):    
hw5_373.py(10):         print(width*outSymbol)
$$$$$
hw5_373.py(9):     for i in range(1, height):    
hw5_373.py(10):         print(width*outSymbol)
$$$$$
hw5_373.py(9):     for i in range(1, height):    
hw5_373.py(10):         print(width*outSymbol)
$$$$$
hw5_373.py(9):     for i in range(1, height):    
hw5_373.py(10):         print(width*outSymbol)
$$$$$
hw5_373.py(9):     for i in range(1, height):    
 --- modulename: trace, funcname: _unsettrace
trace.py(77):         sys.settrace(None)
