 --- modulename: hw5_88, funcname: <module>
hw5_88.py(1): def main():
hw5_88.py(10): main()
 --- modulename: hw5_88, funcname: main
hw5_88.py(2):  width = int(input("Please enter the width of the box: "))
Please enter the width of the box:  --- modulename: codecs, funcname: getstate
codecs.py(332):         return (self.buffer, 0)
 --- modulename: codecs, funcname: decode
codecs.py(320):         data = self.buffer + input
codecs.py(321):         (result, consumed) = self._buffer_decode(data, self.errors, final)
codecs.py(323):         self.buffer = data[consumed:]
codecs.py(324):         return result
hw5_88.py(3):  height = int(input("Please enter the height of the box: "))
Please enter the height of the box: hw5_88.py(4):  symbolOut = str(input("Please enter a symbol for the box outline: "))
Please enter a symbol for the box outline: hw5_88.py(5):  symbolIn = str(input("Please enter a symbol for the box fill: "))
Please enter a symbol for the box fill:  --- modulename: codecs, funcname: getstate
codecs.py(332):         return (self.buffer, 0)
 --- modulename: codecs, funcname: decode
codecs.py(320):         data = self.buffer + input
codecs.py(321):         (result, consumed) = self._buffer_decode(data, self.errors, final)
codecs.py(323):         self.buffer = data[consumed:]
codecs.py(324):         return result
hw5_88.py(6):  print(symbolOut * width)
$$$$$
hw5_88.py(7):  for i in (height - 2):
 --- modulename: trace, funcname: _unsettrace
trace.py(77):         sys.settrace(None)
