 --- modulename: hw5_151, funcname: <module>
hw5_151.py(1): def main():
hw5_151.py(12): main()
 --- modulename: hw5_151, funcname: main
hw5_151.py(2):     width = int(input("Please enter the width of the box: "))
Please enter the width of the box:  --- modulename: codecs, funcname: getstate
codecs.py(332):         return (self.buffer, 0)
 --- modulename: codecs, funcname: decode
codecs.py(320):         data = self.buffer + input
codecs.py(321):         (result, consumed) = self._buffer_decode(data, self.errors, final)
codecs.py(323):         self.buffer = data[consumed:]
codecs.py(324):         return result
hw5_151.py(3):     height = int(input("Please enter the height of the box: "))
Please enter the height of the box: hw5_151.py(4):     symboloutside = input("Please enter a symbol for the box outline: ")
Please enter a symbol for the box outline: hw5_151.py(5):     symbolinside = input("Please enter a symbol for the box fill: ")
Please enter a symbol for the box fill:  --- modulename: codecs, funcname: getstate
codecs.py(332):         return (self.buffer, 0)
 --- modulename: codecs, funcname: decode
codecs.py(320):         data = self.buffer + input
codecs.py(321):         (result, consumed) = self._buffer_decode(data, self.errors, final)
codecs.py(323):         self.buffer = data[consumed:]
codecs.py(324):         return result
hw5_151.py(6):     insidewidth = width - 2
hw5_151.py(7):     fillingheight = height - 2
hw5_151.py(8):     print(symboloutside * width)
$$$$$
hw5_151.py(9):     for i in range(fillingheight):
hw5_151.py(10):         print(symboloutside + symbolinside * insidewidth + symboloutside)
$###$
hw5_151.py(9):     for i in range(fillingheight):
hw5_151.py(10):         print(symboloutside + symbolinside * insidewidth + symboloutside)
$###$
hw5_151.py(9):     for i in range(fillingheight):
hw5_151.py(10):         print(symboloutside + symbolinside * insidewidth + symboloutside)
$###$
hw5_151.py(9):     for i in range(fillingheight):
hw5_151.py(11):     print(symboloutside * width)
$$$$$
 --- modulename: trace, funcname: _unsettrace
trace.py(77):         sys.settrace(None)
