 --- modulename: hw5_292, funcname: <module>
hw5_292.py(1): def main():
hw5_292.py(13): main()
 --- modulename: hw5_292, funcname: main
hw5_292.py(2):     width = int(input("Please enter the width of the box: "))
Please enter the width of the box:  --- modulename: codecs, funcname: getstate
codecs.py(332):         return (self.buffer, 0)
 --- modulename: codecs, funcname: decode
codecs.py(320):         data = self.buffer + input
codecs.py(321):         (result, consumed) = self._buffer_decode(data, self.errors, final)
codecs.py(323):         self.buffer = data[consumed:]
codecs.py(324):         return result
hw5_292.py(3):     height = int(input("Please enter the height of the box: "))
Please enter the height of the box: hw5_292.py(4):     symbolout = input("Please enter a symbol for the box outline: ")
Please enter a symbol for the box outline: hw5_292.py(5):     symbolfill = input("Please enter a symbol for the box fill: ")
Please enter a symbol for the box fill:  --- modulename: codecs, funcname: getstate
codecs.py(332):         return (self.buffer, 0)
 --- modulename: codecs, funcname: decode
codecs.py(320):         data = self.buffer + input
codecs.py(321):         (result, consumed) = self._buffer_decode(data, self.errors, final)
codecs.py(323):         self.buffer = data[consumed:]
codecs.py(324):         return result
hw5_292.py(6):     list1 = list(range(height-2))
hw5_292.py(7):     print(symbolout*width)
$$$$$
hw5_292.py(8):     for i in list1: 
hw5_292.py(9):         print(symbolout+symbolfill*(width-2)+symbolout)
$###$
hw5_292.py(10):         i+1
hw5_292.py(8):     for i in list1: 
hw5_292.py(9):         print(symbolout+symbolfill*(width-2)+symbolout)
$###$
hw5_292.py(10):         i+1
hw5_292.py(8):     for i in list1: 
hw5_292.py(9):         print(symbolout+symbolfill*(width-2)+symbolout)
$###$
hw5_292.py(10):         i+1
hw5_292.py(8):     for i in list1: 
hw5_292.py(11):     if(height!=1):
hw5_292.py(12):         print(symbolout*width)
$$$$$
 --- modulename: trace, funcname: _unsettrace
trace.py(77):         sys.settrace(None)
