 --- modulename: hw5_110, funcname: <module>
hw5_110.py(1): def main():
hw5_110.py(14): main()
 --- modulename: hw5_110, funcname: main
hw5_110.py(2):     OUTLINE_WIDTH = 2
hw5_110.py(3):     width  = int(input("Please enter the width of the box: "))
Please enter the width of the box:  --- modulename: codecs, funcname: getstate
codecs.py(332):         return (self.buffer, 0)
 --- modulename: codecs, funcname: decode
codecs.py(320):         data = self.buffer + input
codecs.py(321):         (result, consumed) = self._buffer_decode(data, self.errors, final)
codecs.py(323):         self.buffer = data[consumed:]
codecs.py(324):         return result
hw5_110.py(4):     height = int(input("Please enter the height of the box: "))
Please enter the height of the box: hw5_110.py(5):     charOutline = input("Please enter the symbol for the box outline: ")
Please enter the symbol for the box outline: hw5_110.py(6):     charFill    = input("Please enter the symbol for the box fill: ")
Please enter the symbol for the box fill:  --- modulename: codecs, funcname: getstate
codecs.py(332):         return (self.buffer, 0)
 --- modulename: codecs, funcname: decode
codecs.py(320):         data = self.buffer + input
codecs.py(321):         (result, consumed) = self._buffer_decode(data, self.errors, final)
codecs.py(323):         self.buffer = data[consumed:]
codecs.py(324):         return result
hw5_110.py(7):     line = ""
hw5_110.py(8):     for i in range(height):
hw5_110.py(9):         if i == 0 or i == height - 1:
hw5_110.py(10):             line = charOutline * width
hw5_110.py(13):         print(line)
$$$$$
hw5_110.py(8):     for i in range(height):
hw5_110.py(9):         if i == 0 or i == height - 1:
hw5_110.py(12):             line = charOutline + charFill * (width - OUTLINE_WIDTH) + charOutline
hw5_110.py(13):         print(line)
$###$
hw5_110.py(8):     for i in range(height):
hw5_110.py(9):         if i == 0 or i == height - 1:
hw5_110.py(12):             line = charOutline + charFill * (width - OUTLINE_WIDTH) + charOutline
hw5_110.py(13):         print(line)
$###$
hw5_110.py(8):     for i in range(height):
hw5_110.py(9):         if i == 0 or i == height - 1:
hw5_110.py(12):             line = charOutline + charFill * (width - OUTLINE_WIDTH) + charOutline
hw5_110.py(13):         print(line)
$###$
hw5_110.py(8):     for i in range(height):
hw5_110.py(9):         if i == 0 or i == height - 1:
hw5_110.py(10):             line = charOutline * width
hw5_110.py(13):         print(line)
$$$$$
hw5_110.py(8):     for i in range(height):
 --- modulename: trace, funcname: _unsettrace
trace.py(77):         sys.settrace(None)
