 --- modulename: hw5_324, funcname: <module>
hw5_324.py(1): def main():
hw5_324.py(14): main()
 --- modulename: hw5_324, funcname: main
hw5_324.py(2):     width =  int(input("Enter the width of the box: "))
Enter the width of the box:  --- modulename: codecs, funcname: getstate
codecs.py(332):         return (self.buffer, 0)
 --- modulename: codecs, funcname: decode
codecs.py(320):         data = self.buffer + input
codecs.py(321):         (result, consumed) = self._buffer_decode(data, self.errors, final)
codecs.py(323):         self.buffer = data[consumed:]
codecs.py(324):         return result
hw5_324.py(3):     height = int(input("Enter the height of the box: "))
Enter the height of the box: hw5_324.py(4):     outline =    input("Enter the symbol the box will be outlined in: ")
Enter the symbol the box will be outlined in: hw5_324.py(5):     filler =     input("Enter the symbol the box will be filled with: ")
Enter the symbol the box will be filled with:  --- modulename: codecs, funcname: getstate
codecs.py(332):         return (self.buffer, 0)
 --- modulename: codecs, funcname: decode
codecs.py(320):         data = self.buffer + input
codecs.py(321):         (result, consumed) = self._buffer_decode(data, self.errors, final)
codecs.py(323):         self.buffer = data[consumed:]
codecs.py(324):         return result
hw5_324.py(6):     for r in range(0, height):
hw5_324.py(7):         line = ""
hw5_324.py(8):         for c in range(0, width):
hw5_324.py(9):             if(r == 0 or c == 0 or r == height - 1 or c == width - 1):
hw5_324.py(10):                 line += outline
hw5_324.py(8):         for c in range(0, width):
hw5_324.py(9):             if(r == 0 or c == 0 or r == height - 1 or c == width - 1):
hw5_324.py(10):                 line += outline
hw5_324.py(8):         for c in range(0, width):
hw5_324.py(9):             if(r == 0 or c == 0 or r == height - 1 or c == width - 1):
hw5_324.py(10):                 line += outline
hw5_324.py(8):         for c in range(0, width):
hw5_324.py(9):             if(r == 0 or c == 0 or r == height - 1 or c == width - 1):
hw5_324.py(10):                 line += outline
hw5_324.py(8):         for c in range(0, width):
hw5_324.py(9):             if(r == 0 or c == 0 or r == height - 1 or c == width - 1):
hw5_324.py(10):                 line += outline
hw5_324.py(8):         for c in range(0, width):
hw5_324.py(13):         print(line)
$$$$$
hw5_324.py(6):     for r in range(0, height):
hw5_324.py(7):         line = ""
hw5_324.py(8):         for c in range(0, width):
hw5_324.py(9):             if(r == 0 or c == 0 or r == height - 1 or c == width - 1):
hw5_324.py(10):                 line += outline
hw5_324.py(8):         for c in range(0, width):
hw5_324.py(9):             if(r == 0 or c == 0 or r == height - 1 or c == width - 1):
hw5_324.py(12):                 line += filler
hw5_324.py(8):         for c in range(0, width):
hw5_324.py(9):             if(r == 0 or c == 0 or r == height - 1 or c == width - 1):
hw5_324.py(12):                 line += filler
hw5_324.py(8):         for c in range(0, width):
hw5_324.py(9):             if(r == 0 or c == 0 or r == height - 1 or c == width - 1):
hw5_324.py(12):                 line += filler
hw5_324.py(8):         for c in range(0, width):
hw5_324.py(9):             if(r == 0 or c == 0 or r == height - 1 or c == width - 1):
hw5_324.py(10):                 line += outline
hw5_324.py(8):         for c in range(0, width):
hw5_324.py(13):         print(line)
$###$
hw5_324.py(6):     for r in range(0, height):
hw5_324.py(7):         line = ""
hw5_324.py(8):         for c in range(0, width):
hw5_324.py(9):             if(r == 0 or c == 0 or r == height - 1 or c == width - 1):
hw5_324.py(10):                 line += outline
hw5_324.py(8):         for c in range(0, width):
hw5_324.py(9):             if(r == 0 or c == 0 or r == height - 1 or c == width - 1):
hw5_324.py(12):                 line += filler
hw5_324.py(8):         for c in range(0, width):
hw5_324.py(9):             if(r == 0 or c == 0 or r == height - 1 or c == width - 1):
hw5_324.py(12):                 line += filler
hw5_324.py(8):         for c in range(0, width):
hw5_324.py(9):             if(r == 0 or c == 0 or r == height - 1 or c == width - 1):
hw5_324.py(12):                 line += filler
hw5_324.py(8):         for c in range(0, width):
hw5_324.py(9):             if(r == 0 or c == 0 or r == height - 1 or c == width - 1):
hw5_324.py(10):                 line += outline
hw5_324.py(8):         for c in range(0, width):
hw5_324.py(13):         print(line)
$###$
hw5_324.py(6):     for r in range(0, height):
hw5_324.py(7):         line = ""
hw5_324.py(8):         for c in range(0, width):
hw5_324.py(9):             if(r == 0 or c == 0 or r == height - 1 or c == width - 1):
hw5_324.py(10):                 line += outline
hw5_324.py(8):         for c in range(0, width):
hw5_324.py(9):             if(r == 0 or c == 0 or r == height - 1 or c == width - 1):
hw5_324.py(12):                 line += filler
hw5_324.py(8):         for c in range(0, width):
hw5_324.py(9):             if(r == 0 or c == 0 or r == height - 1 or c == width - 1):
hw5_324.py(12):                 line += filler
hw5_324.py(8):         for c in range(0, width):
hw5_324.py(9):             if(r == 0 or c == 0 or r == height - 1 or c == width - 1):
hw5_324.py(12):                 line += filler
hw5_324.py(8):         for c in range(0, width):
hw5_324.py(9):             if(r == 0 or c == 0 or r == height - 1 or c == width - 1):
hw5_324.py(10):                 line += outline
hw5_324.py(8):         for c in range(0, width):
hw5_324.py(13):         print(line)
$###$
hw5_324.py(6):     for r in range(0, height):
hw5_324.py(7):         line = ""
hw5_324.py(8):         for c in range(0, width):
hw5_324.py(9):             if(r == 0 or c == 0 or r == height - 1 or c == width - 1):
hw5_324.py(10):                 line += outline
hw5_324.py(8):         for c in range(0, width):
hw5_324.py(9):             if(r == 0 or c == 0 or r == height - 1 or c == width - 1):
hw5_324.py(10):                 line += outline
hw5_324.py(8):         for c in range(0, width):
hw5_324.py(9):             if(r == 0 or c == 0 or r == height - 1 or c == width - 1):
hw5_324.py(10):                 line += outline
hw5_324.py(8):         for c in range(0, width):
hw5_324.py(9):             if(r == 0 or c == 0 or r == height - 1 or c == width - 1):
hw5_324.py(10):                 line += outline
hw5_324.py(8):         for c in range(0, width):
hw5_324.py(9):             if(r == 0 or c == 0 or r == height - 1 or c == width - 1):
hw5_324.py(10):                 line += outline
hw5_324.py(8):         for c in range(0, width):
hw5_324.py(13):         print(line)
$$$$$
hw5_324.py(6):     for r in range(0, height):
 --- modulename: trace, funcname: _unsettrace
trace.py(77):         sys.settrace(None)
