 --- modulename: hw5_196, funcname: <module>
hw5_196.py(1): def main():
hw5_196.py(17): main()
 --- modulename: hw5_196, funcname: main
hw5_196.py(2):     wideth= int(input("Gib me wide"))
Gib me wide --- modulename: codecs, funcname: getstate
codecs.py(332):         return (self.buffer, 0)
 --- modulename: codecs, funcname: decode
codecs.py(320):         data = self.buffer + input
codecs.py(321):         (result, consumed) = self._buffer_decode(data, self.errors, final)
codecs.py(323):         self.buffer = data[consumed:]
codecs.py(324):         return result
hw5_196.py(3):     longth = int(input("Gibe me long"))
Gibe me longhw5_196.py(4):     border = input("gibe boder pls")
gibe boder plshw5_196.py(5):     filling = input("gib filling pls")
gib filling pls --- modulename: codecs, funcname: getstate
codecs.py(332):         return (self.buffer, 0)
 --- modulename: codecs, funcname: decode
codecs.py(320):         data = self.buffer + input
codecs.py(321):         (result, consumed) = self._buffer_decode(data, self.errors, final)
codecs.py(323):         self.buffer = data[consumed:]
codecs.py(324):         return result
hw5_196.py(6):     for a in range(longth):
hw5_196.py(7):         if(a == 0 or longth-a == 1):
hw5_196.py(8):             print(border*wideth)
$$$$$
hw5_196.py(6):     for a in range(longth):
hw5_196.py(7):         if(a == 0 or longth-a == 1):
hw5_196.py(10):             for b in range(wideth):
hw5_196.py(11):                 if(b == 0):
hw5_196.py(12):                     print(border, end="")
$hw5_196.py(10):             for b in range(wideth):
hw5_196.py(11):                 if(b == 0):
hw5_196.py(13):                 elif (wideth-b == 1):
hw5_196.py(16):                     print(filling, end="")
#hw5_196.py(10):             for b in range(wideth):
hw5_196.py(11):                 if(b == 0):
hw5_196.py(13):                 elif (wideth-b == 1):
hw5_196.py(16):                     print(filling, end="")
#hw5_196.py(10):             for b in range(wideth):
hw5_196.py(11):                 if(b == 0):
hw5_196.py(13):                 elif (wideth-b == 1):
hw5_196.py(16):                     print(filling, end="")
#hw5_196.py(10):             for b in range(wideth):
hw5_196.py(11):                 if(b == 0):
hw5_196.py(13):                 elif (wideth-b == 1):
hw5_196.py(14):                     print(border)
$
hw5_196.py(10):             for b in range(wideth):
hw5_196.py(6):     for a in range(longth):
hw5_196.py(7):         if(a == 0 or longth-a == 1):
hw5_196.py(10):             for b in range(wideth):
hw5_196.py(11):                 if(b == 0):
hw5_196.py(12):                     print(border, end="")
$hw5_196.py(10):             for b in range(wideth):
hw5_196.py(11):                 if(b == 0):
hw5_196.py(13):                 elif (wideth-b == 1):
hw5_196.py(16):                     print(filling, end="")
#hw5_196.py(10):             for b in range(wideth):
hw5_196.py(11):                 if(b == 0):
hw5_196.py(13):                 elif (wideth-b == 1):
hw5_196.py(16):                     print(filling, end="")
#hw5_196.py(10):             for b in range(wideth):
hw5_196.py(11):                 if(b == 0):
hw5_196.py(13):                 elif (wideth-b == 1):
hw5_196.py(16):                     print(filling, end="")
#hw5_196.py(10):             for b in range(wideth):
hw5_196.py(11):                 if(b == 0):
hw5_196.py(13):                 elif (wideth-b == 1):
hw5_196.py(14):                     print(border)
$
hw5_196.py(10):             for b in range(wideth):
hw5_196.py(6):     for a in range(longth):
hw5_196.py(7):         if(a == 0 or longth-a == 1):
hw5_196.py(10):             for b in range(wideth):
hw5_196.py(11):                 if(b == 0):
hw5_196.py(12):                     print(border, end="")
$hw5_196.py(10):             for b in range(wideth):
hw5_196.py(11):                 if(b == 0):
hw5_196.py(13):                 elif (wideth-b == 1):
hw5_196.py(16):                     print(filling, end="")
#hw5_196.py(10):             for b in range(wideth):
hw5_196.py(11):                 if(b == 0):
hw5_196.py(13):                 elif (wideth-b == 1):
hw5_196.py(16):                     print(filling, end="")
#hw5_196.py(10):             for b in range(wideth):
hw5_196.py(11):                 if(b == 0):
hw5_196.py(13):                 elif (wideth-b == 1):
hw5_196.py(16):                     print(filling, end="")
#hw5_196.py(10):             for b in range(wideth):
hw5_196.py(11):                 if(b == 0):
hw5_196.py(13):                 elif (wideth-b == 1):
hw5_196.py(14):                     print(border)
$
hw5_196.py(10):             for b in range(wideth):
hw5_196.py(6):     for a in range(longth):
hw5_196.py(7):         if(a == 0 or longth-a == 1):
hw5_196.py(8):             print(border*wideth)
$$$$$
hw5_196.py(6):     for a in range(longth):
 --- modulename: trace, funcname: _unsettrace
trace.py(77):         sys.settrace(None)
