 --- modulename: hw5_152, funcname: <module>
hw5_152.py(1): def main():
hw5_152.py(13): main()
 --- modulename: hw5_152, funcname: main
hw5_152.py(2):     width = int(input('Please enter the width of the box: '))
Please enter the width of the box:  --- modulename: codecs, funcname: getstate
codecs.py(332):         return (self.buffer, 0)
 --- modulename: codecs, funcname: decode
codecs.py(320):         data = self.buffer + input
codecs.py(321):         (result, consumed) = self._buffer_decode(data, self.errors, final)
codecs.py(323):         self.buffer = data[consumed:]
codecs.py(324):         return result
hw5_152.py(3):     height = int(input('Please enter the height of the box: '))
Please enter the height of the box: hw5_152.py(4):     symOutline = input('Please enter a symbol for the box outline: ')
Please enter a symbol for the box outline: hw5_152.py(5):     symFill = input('Please enter a symbol for the box fill: ')
Please enter a symbol for the box fill:  --- modulename: codecs, funcname: getstate
codecs.py(332):         return (self.buffer, 0)
 --- modulename: codecs, funcname: decode
codecs.py(320):         data = self.buffer + input
codecs.py(321):         (result, consumed) = self._buffer_decode(data, self.errors, final)
codecs.py(323):         self.buffer = data[consumed:]
codecs.py(324):         return result
hw5_152.py(6):     for hi in range(height):
hw5_152.py(7):         output = ''
hw5_152.py(8):         if hi == 0 or hi == height - 1:
hw5_152.py(9):             output = symOutline * width
hw5_152.py(12):         print(output)
$$$$$
hw5_152.py(6):     for hi in range(height):
hw5_152.py(7):         output = ''
hw5_152.py(8):         if hi == 0 or hi == height - 1:
hw5_152.py(11):             output = symOutline + symFill * (width - 2) + symOutline
hw5_152.py(12):         print(output)
$###$
hw5_152.py(6):     for hi in range(height):
hw5_152.py(7):         output = ''
hw5_152.py(8):         if hi == 0 or hi == height - 1:
hw5_152.py(11):             output = symOutline + symFill * (width - 2) + symOutline
hw5_152.py(12):         print(output)
$###$
hw5_152.py(6):     for hi in range(height):
hw5_152.py(7):         output = ''
hw5_152.py(8):         if hi == 0 or hi == height - 1:
hw5_152.py(11):             output = symOutline + symFill * (width - 2) + symOutline
hw5_152.py(12):         print(output)
$###$
hw5_152.py(6):     for hi in range(height):
hw5_152.py(7):         output = ''
hw5_152.py(8):         if hi == 0 or hi == height - 1:
hw5_152.py(9):             output = symOutline * width
hw5_152.py(12):         print(output)
$$$$$
hw5_152.py(6):     for hi in range(height):
 --- modulename: trace, funcname: _unsettrace
trace.py(77):         sys.settrace(None)
