 --- modulename: hw5_209, funcname: <module>
hw5_209.py(1): def main():
hw5_209.py(11): main()
 --- modulename: hw5_209, funcname: main
hw5_209.py(2):     boxWidth = int(input("Please enter the width of the box: "))
Please enter the width of the box:  --- modulename: codecs, funcname: getstate
codecs.py(332):         return (self.buffer, 0)
 --- modulename: codecs, funcname: decode
codecs.py(320):         data = self.buffer + input
codecs.py(321):         (result, consumed) = self._buffer_decode(data, self.errors, final)
codecs.py(323):         self.buffer = data[consumed:]
codecs.py(324):         return result
hw5_209.py(3):     boxHeight = int(input("Please enter the height of the box: "))
Please enter the height of the box: hw5_209.py(4):     boxOutline = input("Please enter the symbol for the box outline: ")
Please enter the symbol for the box outline: hw5_209.py(5):     boxFill = input("Please enter the symbol for the box fill: ")
Please enter the symbol for the box fill:  --- modulename: codecs, funcname: getstate
codecs.py(332):         return (self.buffer, 0)
 --- modulename: codecs, funcname: decode
codecs.py(320):         data = self.buffer + input
codecs.py(321):         (result, consumed) = self._buffer_decode(data, self.errors, final)
codecs.py(323):         self.buffer = data[consumed:]
codecs.py(324):         return result
hw5_209.py(6):     for num1 in range(boxHeight):
hw5_209.py(7):         if num1 == 0 or num1 == boxWidth-1:
hw5_209.py(8):             print(boxOutline * boxWidth)
$$$$$
hw5_209.py(6):     for num1 in range(boxHeight):
hw5_209.py(7):         if num1 == 0 or num1 == boxWidth-1:
hw5_209.py(10):             print(boxOutline + boxFill * (boxWidth-1) + boxOutline)
$####$
hw5_209.py(6):     for num1 in range(boxHeight):
hw5_209.py(7):         if num1 == 0 or num1 == boxWidth-1:
hw5_209.py(10):             print(boxOutline + boxFill * (boxWidth-1) + boxOutline)
$####$
hw5_209.py(6):     for num1 in range(boxHeight):
hw5_209.py(7):         if num1 == 0 or num1 == boxWidth-1:
hw5_209.py(10):             print(boxOutline + boxFill * (boxWidth-1) + boxOutline)
$####$
hw5_209.py(6):     for num1 in range(boxHeight):
hw5_209.py(7):         if num1 == 0 or num1 == boxWidth-1:
hw5_209.py(8):             print(boxOutline * boxWidth)
$$$$$
hw5_209.py(6):     for num1 in range(boxHeight):
 --- modulename: trace, funcname: _unsettrace
trace.py(77):         sys.settrace(None)
